{
  "json_format_version": [
    1,
    0
  ],
  "smartctl": {
    "version": [
      7,
      3
    ],
    "svn_revision": "5338",
    "platform_info": "aarch64-linux-6.0.16-2tobetter",
    "build_info": "(local build)",
    "argv": [
      "smartctl",
      "--all",
      "--json",
      "/dev/sda"
    ],
    "drive_database_version": {
      "string": "7.3/5319"
    },
    "exit_status": 0
  },
  "local_time": {
    "time_t": 1702876163,
    "asctime": "Mon Dec 18 05:09:23 2023 UTC"
  },
  "device": {
    "name": "/dev/sda",
    "info_name": "/dev/sda [SAT]",
    "type": "sat",
    "protocol": "ATA"
  },
  "model_family": "Western Digital Green",
  "model_name": "WDC WD40EZRX-00SPEB0",
  "serial_number": "",
  "wwn": {
    "naa": 5,
    "oui": 5358,
    "id": 0
  },
  "firmware_version": "80.00A80",
  "user_capacity": {
    "blocks": 7814037168,
    "bytes": 4000787030016
  },
  "logical_block_size": 512,
  "physical_block_size": 4096,
  "rotation_rate": 5400,
  "trim": {
    "supported": false
  },
  "in_smartctl_database": true,
  "ata_version": {
    "string": "ACS-2 (minor revision not indicated)",
    "major_value": 1022,
    "minor_value": 0
  },
  "sata_version": {
    "string": "SATA 3.0",
    "value": 62
  },
  "interface_speed": {
    "max": {
      "sata_value": 14,
      "string": "6.0 Gb/s",
      "units_per_second": 60,
      "bits_per_unit": 100000000
    },
    "current": {
      "sata_value": 3,
      "string": "6.0 Gb/s",
      "units_per_second": 60,
      "bits_per_unit": 100000000
    }
  },
  "smart_support": {
    "available": true,
    "enabled": true
  },
  "smart_status": {
    "passed": true
  },
  "ata_smart_data": {
    "offline_data_collection": {
      "status": {
        "value": 132,
        "string": "was suspended by an interrupting command from host"
      },
      "completion_seconds": 53760
    },
    "self_test": {
      "status": {
        "value": 0,
        "string": "completed without error",
        "passed": true
      },
      "polling_minutes": {
        "short": 2,
        "extended": 537,
        "conveyance": 5
      }
    },
    "capabilities": {
      "values": [
        123,
        3
      ],
      "exec_offline_immediate_supported": true,
      "offline_is_aborted_upon_new_cmd": false,
      "offline_surface_scan_supported": true,
      "self_tests_supported": true,
      "conveyance_self_test_supported": true,
      "selective_self_test_supported": true,
      "attribute_autosave_enabled": true,
      "error_logging_supported": true,
      "gp_logging_supported": true
    }
  },
  "ata_sct_capabilities": {
    "value": 28725,
    "error_recovery_control_supported": false,
    "feature_control_supported": true,
    "data_table_supported": true
  },
  "ata_smart_attributes": {
    "revision": 16,
    "table": [
      {
        "id": 1,
        "name": "Raw_Read_Error_Rate",
        "value": 200,
        "worst": 200,
        "thresh": 51,
        "when_failed": "",
        "flags": {
          "value": 47,
          "string": "POSR-K ",
          "prefailure": true,
          "updated_online": true,
          "performance": true,
          "error_rate": true,
          "event_count": false,
          "auto_keep": true
        },
        "raw": {
          "value": 1,
          "string": "1"
        }
      },
      {
        "id": 3,
        "name": "Spin_Up_Time",
        "value": 247,
        "worst": 179,
        "thresh": 21,
        "when_failed": "",
        "flags": {
          "value": 39,
          "string": "POS--K ",
          "prefailure": true,
          "updated_online": true,
          "performance": true,
          "error_rate": false,
          "event_count": false,
          "auto_keep": true
        },
        "raw": {
          "value": 4616,
          "string": "4616"
        }
      },
      {
        "id": 4,
        "name": "Start_Stop_Count",
        "value": 100,
        "worst": 100,
        "thresh": 0,
        "when_failed": "",
        "flags": {
          "value": 50,
          "string": "-O--CK ",
          "prefailure": false,
          "updated_online": true,
          "performance": false,
          "error_rate": false,
          "event_count": true,
          "auto_keep": true
        },
        "raw": {
          "value": 80,
          "string": "80"
        }
      },
      {
        "id": 5,
        "name": "Reallocated_Sector_Ct",
        "value": 200,
        "worst": 200,
        "thresh": 140,
        "when_failed": "",
        "flags": {
          "value": 51,
          "string": "PO--CK ",
          "prefailure": true,
          "updated_online": true,
          "performance": false,
          "error_rate": false,
          "event_count": true,
          "auto_keep": true
        },
        "raw": {
          "value": 0,
          "string": "0"
        }
      },
      {
        "id": 7,
        "name": "Seek_Error_Rate",
        "value": 100,
        "worst": 253,
        "thresh": 0,
        "when_failed": "",
        "flags": {
          "value": 46,
          "string": "-OSR-K ",
          "prefailure": false,
          "updated_online": true,
          "performance": true,
          "error_rate": true,
          "event_count": false,
          "auto_keep": true
        },
        "raw": {
          "value": 0,
          "string": "0"
        }
      },
      {
        "id": 9,
        "name": "Power_On_Hours",
        "value": 78,
        "worst": 78,
        "thresh": 0,
        "when_failed": "",
        "flags": {
          "value": 50,
          "string": "-O--CK ",
          "prefailure": false,
          "updated_online": true,
          "performance": false,
          "error_rate": false,
          "event_count": true,
          "auto_keep": true
        },
        "raw": {
          "value": 16728,
          "string": "16728"
        }
      },
      {
        "id": 10,
        "name": "Spin_Retry_Count",
        "value": 100,
        "worst": 253,
        "thresh": 0,
        "when_failed": "",
        "flags": {
          "value": 50,
          "string": "-O--CK ",
          "prefailure": false,
          "updated_online": true,
          "performance": false,
          "error_rate": false,
          "event_count": true,
          "auto_keep": true
        },
        "raw": {
          "value": 0,
          "string": "0"
        }
      },
      {
        "id": 11,
        "name": "Calibration_Retry_Count",
        "value": 100,
        "worst": 253,
        "thresh": 0,
        "when_failed": "",
        "flags": {
          "value": 50,
          "string": "-O--CK ",
          "prefailure": false,
          "updated_online": true,
          "performance": false,
          "error_rate": false,
          "event_count": true,
          "auto_keep": true
        },
        "raw": {
          "value": 0,
          "string": "0"
        }
      },
      {
        "id": 12,
        "name": "Power_Cycle_Count",
        "value": 100,
        "worst": 100,
        "thresh": 0,
        "when_failed": "",
        "flags": {
          "value": 50,
          "string": "-O--CK ",
          "prefailure": false,
          "updated_online": true,
          "performance": false,
          "error_rate": false,
          "event_count": true,
          "auto_keep": true
        },
        "raw": {
          "value": 56,
          "string": "56"
        }
      },
      {
        "id": 192,
        "name": "Power-Off_Retract_Count",
        "value": 200,
        "worst": 200,
        "thresh": 0,
        "when_failed": "",
        "flags": {
          "value": 50,
          "string": "-O--CK ",
          "prefailure": false,
          "updated_online": true,
          "performance": false,
          "error_rate": false,
          "event_count": true,
          "auto_keep": true
        },
        "raw": {
          "value": 38,
          "string": "38"
        }
      },
      {
        "id": 193,
        "name": "Load_Cycle_Count",
        "value": 81,
        "worst": 81,
        "thresh": 0,
        "when_failed": "",
        "flags": {
          "value": 50,
          "string": "-O--CK ",
          "prefailure": false,
          "updated_online": true,
          "performance": false,
          "error_rate": false,
          "event_count": true,
          "auto_keep": true
        },
        "raw": {
          "value": 357727,
          "string": "357727"
        }
      },
      {
        "id": 194,
        "name": "Temperature_Celsius",
        "value": 116,
        "worst": 102,
        "thresh": 0,
        "when_failed": "",
        "flags": {
          "value": 34,
          "string": "-O---K ",
          "prefailure": false,
          "updated_online": true,
          "performance": false,
          "error_rate": false,
          "event_count": false,
          "auto_keep": true
        },
        "raw": {
          "value": 36,
          "string": "36"
        }
      },
      {
        "id": 196,
        "name": "Reallocated_Event_Count",
        "value": 200,
        "worst": 200,
        "thresh": 0,
        "when_failed": "",
        "flags": {
          "value": 50,
          "string": "-O--CK ",
          "prefailure": false,
          "updated_online": true,
          "performance": false,
          "error_rate": false,
          "event_count": true,
          "auto_keep": true
        },
        "raw": {
          "value": 0,
          "string": "0"
        }
      },
      {
        "id": 197,
        "name": "Current_Pending_Sector",
        "value": 200,
        "worst": 200,
        "thresh": 0,
        "when_failed": "",
        "flags": {
          "value": 50,
          "string": "-O--CK ",
          "prefailure": false,
          "updated_online": true,
          "performance": false,
          "error_rate": false,
          "event_count": true,
          "auto_keep": true
        },
        "raw": {
          "value": 0,
          "string": "0"
        }
      },
      {
        "id": 198,
        "name": "Offline_Uncorrectable",
        "value": 200,
        "worst": 200,
        "thresh": 0,
        "when_failed": "",
        "flags": {
          "value": 48,
          "string": "----CK ",
          "prefailure": false,
          "updated_online": false,
          "performance": false,
          "error_rate": false,
          "event_count": true,
          "auto_keep": true
        },
        "raw": {
          "value": 0,
          "string": "0"
        }
      },
      {
        "id": 199,
        "name": "UDMA_CRC_Error_Count",
        "value": 200,
        "worst": 200,
        "thresh": 0,
        "when_failed": "",
        "flags": {
          "value": 50,
          "string": "-O--CK ",
          "prefailure": false,
          "updated_online": true,
          "performance": false,
          "error_rate": false,
          "event_count": true,
          "auto_keep": true
        },
        "raw": {
          "value": 0,
          "string": "0"
        }
      },
      {
        "id": 200,
        "name": "Multi_Zone_Error_Rate",
        "value": 200,
        "worst": 200,
        "thresh": 0,
        "when_failed": "",
        "flags": {
          "value": 8,
          "string": "---R-- ",
          "prefailure": false,
          "updated_online": false,
          "performance": false,
          "error_rate": true,
          "event_count": false,
          "auto_keep": false
        },
        "raw": {
          "value": 0,
          "string": "0"
        }
      }
    ]
  },
  "power_on_time": {
    "hours": 16728
  },
  "power_cycle_count": 56,
  "temperature": {
    "current": 36
  },
  "ata_smart_error_log": {
    "summary": {
      "revision": 1,
      "count": 0
    }
  },
  "ata_smart_self_test_log": {
    "standard": {
      "revision": 1,
      "count": 0
    }
  },
  "ata_smart_selective_self_test_log": {
    "revision": 1,
    "table": [
      {
        "lba_min": 0,
        "lba_max": 0,
        "status": {
          "value": 0,
          "string": "Not_testing"
        }
      },
      {
        "lba_min": 0,
        "lba_max": 0,
        "status": {
          "value": 0,
          "string": "Not_testing"
        }
      },
      {
        "lba_min": 0,
        "lba_max": 0,
        "status": {
          "value": 0,
          "string": "Not_testing"
        }
      },
      {
        "lba_min": 0,
        "lba_max": 0,
        "status": {
          "value": 0,
          "string": "Not_testing"
        }
      },
      {
        "lba_min": 0,
        "lba_max": 0,
        "status": {
          "value": 0,
          "string": "Not_testing"
        }
      }
    ],
    "flags": {
      "value": 0,
      "remainder_scan_enabled": false
    },
    "power_up_scan_resume_minutes": 0
  }
}
