{
  "json_format_version": [
    1,
    0
  ],
  "smartctl": {
    "version": [
      7,
      4
    ],
    "pre_release": false,
    "svn_revision": "5530",
    "platform_info": "x86_64-linux-6.5.8-arch1-1",
    "build_info": "(local build)",
    "argv": [
      "smartctl",
      "--json",
      "--all",
      "/dev/sdb"
    ],
    "drive_database_version": {
      "string": "7.3/5528"
    },
    "exit_status": 0
  },
  "local_time": {
    "time_t": 1702871984,
    "asctime": "Mon Dec 18 04:59:44 2023 CET"
  },
  "device": {
    "name": "/dev/sdb",
    "info_name": "/dev/sdb [SAT]",
    "type": "sat",
    "protocol": "ATA"
  },
  "model_family": "Seagate Archive HDD (SMR)",
  "model_name": "ST8000AS0002-1NA17Z",
  "serial_number": "",
  "wwn": {
    "naa": 5,
    "oui": 3152,
    "id": 0
  },
  "firmware_version": "AR17",
  "user_capacity": {
    "blocks": 15628053168,
    "bytes": 8001563222016
  },
  "logical_block_size": 512,
  "physical_block_size": 4096,
  "rotation_rate": 5980,
  "trim": {
    "supported": false
  },
  "in_smartctl_database": true,
  "ata_version": {
    "string": "ACS-2, ACS-3 T13/2161-D revision 3b",
    "major_value": 1008,
    "minor_value": 31
  },
  "sata_version": {
    "string": "SATA 3.1",
    "value": 127
  },
  "interface_speed": {
    "max": {
      "sata_value": 14,
      "string": "6.0 Gb/s",
      "units_per_second": 60,
      "bits_per_unit": 100000000
    },
    "current": {
      "sata_value": 2,
      "string": "3.0 Gb/s",
      "units_per_second": 30,
      "bits_per_unit": 100000000
    }
  },
  "smart_support": {
    "available": true,
    "enabled": true
  },
  "smart_status": {
    "passed": true
  },
  "ata_smart_data": {
    "offline_data_collection": {
      "status": {
        "value": 130,
        "string": "was completed without error",
        "passed": true
      },
      "completion_seconds": 0
    },
    "self_test": {
      "status": {
        "value": 0,
        "string": "completed without error",
        "passed": true
      },
      "polling_minutes": {
        "short": 1,
        "extended": 954,
        "conveyance": 2
      }
    },
    "capabilities": {
      "values": [
        123,
        3
      ],
      "exec_offline_immediate_supported": true,
      "offline_is_aborted_upon_new_cmd": false,
      "offline_surface_scan_supported": true,
      "self_tests_supported": true,
      "conveyance_self_test_supported": true,
      "selective_self_test_supported": true,
      "attribute_autosave_enabled": true,
      "error_logging_supported": true,
      "gp_logging_supported": true
    }
  },
  "ata_sct_capabilities": {
    "value": 12469,
    "error_recovery_control_supported": false,
    "feature_control_supported": true,
    "data_table_supported": true
  },
  "ata_smart_attributes": {
    "revision": 10,
    "table": [
      {
        "id": 1,
        "name": "Raw_Read_Error_Rate",
        "value": 117,
        "worst": 99,
        "thresh": 6,
        "when_failed": "",
        "flags": {
          "value": 15,
          "string": "POSR-- ",
          "prefailure": true,
          "updated_online": true,
          "performance": true,
          "error_rate": true,
          "event_count": false,
          "auto_keep": false
        },
        "raw": {
          "value": 136724088,
          "string": "136724088"
        }
      },
      {
        "id": 3,
        "name": "Spin_Up_Time",
        "value": 97,
        "worst": 90,
        "thresh": 0,
        "when_failed": "",
        "flags": {
          "value": 3,
          "string": "PO---- ",
          "prefailure": true,
          "updated_online": true,
          "performance": false,
          "error_rate": false,
          "event_count": false,
          "auto_keep": false
        },
        "raw": {
          "value": 0,
          "string": "0"
        }
      },
      {
        "id": 4,
        "name": "Start_Stop_Count",
        "value": 100,
        "worst": 100,
        "thresh": 20,
        "when_failed": "",
        "flags": {
          "value": 50,
          "string": "-O--CK ",
          "prefailure": false,
          "updated_online": true,
          "performance": false,
          "error_rate": false,
          "event_count": true,
          "auto_keep": true
        },
        "raw": {
          "value": 80,
          "string": "80"
        }
      },
      {
        "id": 5,
        "name": "Reallocated_Sector_Ct",
        "value": 100,
        "worst": 100,
        "thresh": 10,
        "when_failed": "",
        "flags": {
          "value": 51,
          "string": "PO--CK ",
          "prefailure": true,
          "updated_online": true,
          "performance": false,
          "error_rate": false,
          "event_count": true,
          "auto_keep": true
        },
        "raw": {
          "value": 0,
          "string": "0"
        }
      },
      {
        "id": 7,
        "name": "Seek_Error_Rate",
        "value": 83,
        "worst": 60,
        "thresh": 30,
        "when_failed": "",
        "flags": {
          "value": 15,
          "string": "POSR-- ",
          "prefailure": true,
          "updated_online": true,
          "performance": true,
          "error_rate": true,
          "event_count": false,
          "auto_keep": false
        },
        "raw": {
          "value": 36158339705,
          "string": "36158339705"
        }
      },
      {
        "id": 9,
        "name": "Power_On_Hours",
        "value": 42,
        "worst": 42,
        "thresh": 0,
        "when_failed": "",
        "flags": {
          "value": 50,
          "string": "-O--CK ",
          "prefailure": false,
          "updated_online": true,
          "performance": false,
          "error_rate": false,
          "event_count": true,
          "auto_keep": true
        },
        "raw": {
          "value": 51519,
          "string": "51519"
        }
      },
      {
        "id": 10,
        "name": "Spin_Retry_Count",
        "value": 100,
        "worst": 100,
        "thresh": 97,
        "when_failed": "",
        "flags": {
          "value": 19,
          "string": "PO--C- ",
          "prefailure": true,
          "updated_online": true,
          "performance": false,
          "error_rate": false,
          "event_count": true,
          "auto_keep": false
        },
        "raw": {
          "value": 0,
          "string": "0"
        }
      },
      {
        "id": 12,
        "name": "Power_Cycle_Count",
        "value": 100,
        "worst": 100,
        "thresh": 20,
        "when_failed": "",
        "flags": {
          "value": 50,
          "string": "-O--CK ",
          "prefailure": false,
          "updated_online": true,
          "performance": false,
          "error_rate": false,
          "event_count": true,
          "auto_keep": true
        },
        "raw": {
          "value": 78,
          "string": "78"
        }
      },
      {
        "id": 183,
        "name": "Runtime_Bad_Block",
        "value": 100,
        "worst": 100,
        "thresh": 0,
        "when_failed": "",
        "flags": {
          "value": 50,
          "string": "-O--CK ",
          "prefailure": false,
          "updated_online": true,
          "performance": false,
          "error_rate": false,
          "event_count": true,
          "auto_keep": true
        },
        "raw": {
          "value": 0,
          "string": "0"
        }
      },
      {
        "id": 184,
        "name": "End-to-End_Error",
        "value": 100,
        "worst": 100,
        "thresh": 99,
        "when_failed": "",
        "flags": {
          "value": 50,
          "string": "-O--CK ",
          "prefailure": false,
          "updated_online": true,
          "performance": false,
          "error_rate": false,
          "event_count": true,
          "auto_keep": true
        },
        "raw": {
          "value": 0,
          "string": "0"
        }
      },
      {
        "id": 187,
        "name": "Reported_Uncorrect",
        "value": 100,
        "worst": 100,
        "thresh": 0,
        "when_failed": "",
        "flags": {
          "value": 50,
          "string": "-O--CK ",
          "prefailure": false,
          "updated_online": true,
          "performance": false,
          "error_rate": false,
          "event_count": true,
          "auto_keep": true
        },
        "raw": {
          "value": 0,
          "string": "0"
        }
      },
      {
        "id": 188,
        "name": "Command_Timeout",
        "value": 100,
        "worst": 100,
        "thresh": 0,
        "when_failed": "",
        "flags": {
          "value": 50,
          "string": "-O--CK ",
          "prefailure": false,
          "updated_online": true,
          "performance": false,
          "error_rate": false,
          "event_count": true,
          "auto_keep": true
        },
        "raw": {
          "value": 0,
          "string": "0"
        }
      },
      {
        "id": 189,
        "name": "High_Fly_Writes",
        "value": 100,
        "worst": 100,
        "thresh": 0,
        "when_failed": "",
        "flags": {
          "value": 58,
          "string": "-O-RCK ",
          "prefailure": false,
          "updated_online": true,
          "performance": false,
          "error_rate": true,
          "event_count": true,
          "auto_keep": true
        },
        "raw": {
          "value": 0,
          "string": "0"
        }
      },
      {
        "id": 190,
        "name": "Airflow_Temperature_Cel",
        "value": 59,
        "worst": 52,
        "thresh": 45,
        "when_failed": "",
        "flags": {
          "value": 34,
          "string": "-O---K ",
          "prefailure": false,
          "updated_online": true,
          "performance": false,
          "error_rate": false,
          "event_count": false,
          "auto_keep": true
        },
        "raw": {
          "value": 790495273,
          "string": "41 (Min/Max 30/47)"
        }
      },
      {
        "id": 191,
        "name": "G-Sense_Error_Rate",
        "value": 100,
        "worst": 100,
        "thresh": 0,
        "when_failed": "",
        "flags": {
          "value": 50,
          "string": "-O--CK ",
          "prefailure": false,
          "updated_online": true,
          "performance": false,
          "error_rate": false,
          "event_count": true,
          "auto_keep": true
        },
        "raw": {
          "value": 0,
          "string": "0"
        }
      },
      {
        "id": 192,
        "name": "Power-Off_Retract_Count",
        "value": 98,
        "worst": 98,
        "thresh": 0,
        "when_failed": "",
        "flags": {
          "value": 50,
          "string": "-O--CK ",
          "prefailure": false,
          "updated_online": true,
          "performance": false,
          "error_rate": false,
          "event_count": true,
          "auto_keep": true
        },
        "raw": {
          "value": 5946,
          "string": "5946"
        }
      },
      {
        "id": 193,
        "name": "Load_Cycle_Count",
        "value": 88,
        "worst": 88,
        "thresh": 0,
        "when_failed": "",
        "flags": {
          "value": 50,
          "string": "-O--CK ",
          "prefailure": false,
          "updated_online": true,
          "performance": false,
          "error_rate": false,
          "event_count": true,
          "auto_keep": true
        },
        "raw": {
          "value": 24014,
          "string": "24014"
        }
      },
      {
        "id": 194,
        "name": "Temperature_Celsius",
        "value": 41,
        "worst": 48,
        "thresh": 0,
        "when_failed": "",
        "flags": {
          "value": 34,
          "string": "-O---K ",
          "prefailure": false,
          "updated_online": true,
          "performance": false,
          "error_rate": false,
          "event_count": false,
          "auto_keep": true
        },
        "raw": {
          "value": 94489280553,
          "string": "41 (0 22 0 0 0)"
        }
      },
      {
        "id": 195,
        "name": "Hardware_ECC_Recovered",
        "value": 117,
        "worst": 99,
        "thresh": 0,
        "when_failed": "",
        "flags": {
          "value": 26,
          "string": "-O-RC- ",
          "prefailure": false,
          "updated_online": true,
          "performance": false,
          "error_rate": true,
          "event_count": true,
          "auto_keep": false
        },
        "raw": {
          "value": 136724088,
          "string": "136724088"
        }
      },
      {
        "id": 197,
        "name": "Current_Pending_Sector",
        "value": 100,
        "worst": 100,
        "thresh": 0,
        "when_failed": "",
        "flags": {
          "value": 18,
          "string": "-O--C- ",
          "prefailure": false,
          "updated_online": true,
          "performance": false,
          "error_rate": false,
          "event_count": true,
          "auto_keep": false
        },
        "raw": {
          "value": 0,
          "string": "0"
        }
      },
      {
        "id": 198,
        "name": "Offline_Uncorrectable",
        "value": 100,
        "worst": 100,
        "thresh": 0,
        "when_failed": "",
        "flags": {
          "value": 16,
          "string": "----C- ",
          "prefailure": false,
          "updated_online": false,
          "performance": false,
          "error_rate": false,
          "event_count": true,
          "auto_keep": false
        },
        "raw": {
          "value": 0,
          "string": "0"
        }
      },
      {
        "id": 199,
        "name": "UDMA_CRC_Error_Count",
        "value": 200,
        "worst": 200,
        "thresh": 0,
        "when_failed": "",
        "flags": {
          "value": 62,
          "string": "-OSRCK ",
          "prefailure": false,
          "updated_online": true,
          "performance": true,
          "error_rate": true,
          "event_count": true,
          "auto_keep": true
        },
        "raw": {
          "value": 0,
          "string": "0"
        }
      },
      {
        "id": 240,
        "name": "Head_Flying_Hours",
        "value": 100,
        "worst": 253,
        "thresh": 0,
        "when_failed": "",
        "flags": {
          "value": 0,
          "string": "------ ",
          "prefailure": false,
          "updated_online": false,
          "performance": false,
          "error_rate": false,
          "event_count": false,
          "auto_keep": false
        },
        "raw": {
          "value": 137185550442650,
          "string": "41114 (124 197 0)"
        }
      },
      {
        "id": 241,
        "name": "Total_LBAs_Written",
        "value": 100,
        "worst": 253,
        "thresh": 0,
        "when_failed": "",
        "flags": {
          "value": 0,
          "string": "------ ",
          "prefailure": false,
          "updated_online": false,
          "performance": false,
          "error_rate": false,
          "event_count": false,
          "auto_keep": false
        },
        "raw": {
          "value": 56416332312,
          "string": "56416332312"
        }
      },
      {
        "id": 242,
        "name": "Total_LBAs_Read",
        "value": 100,
        "worst": 253,
        "thresh": 0,
        "when_failed": "",
        "flags": {
          "value": 0,
          "string": "------ ",
          "prefailure": false,
          "updated_online": false,
          "performance": false,
          "error_rate": false,
          "event_count": false,
          "auto_keep": false
        },
        "raw": {
          "value": 666335934676,
          "string": "666335934676"
        }
      }
    ]
  },
  "power_on_time": {
    "hours": 51519
  },
  "power_cycle_count": 78,
  "temperature": {
    "current": 41
  },
  "ata_smart_error_log": {
    "summary": {
      "revision": 1,
      "count": 0
    }
  },
  "ata_smart_self_test_log": {
    "standard": {
      "revision": 1,
      "table": [
        {
          "type": {
            "value": 2,
            "string": "Extended offline"
          },
          "status": {
            "value": 0,
            "string": "Completed without error",
            "passed": true
          },
          "lifetime_hours": 47636
        }
      ],
      "count": 1,
      "error_count_total": 0,
      "error_count_outdated": 0
    }
  },
  "ata_smart_selective_self_test_log": {
    "revision": 1,
    "table": [
      {
        "lba_min": 0,
        "lba_max": 0,
        "status": {
          "value": 0,
          "string": "Not_testing"
        }
      },
      {
        "lba_min": 0,
        "lba_max": 0,
        "status": {
          "value": 0,
          "string": "Not_testing"
        }
      },
      {
        "lba_min": 0,
        "lba_max": 0,
        "status": {
          "value": 0,
          "string": "Not_testing"
        }
      },
      {
        "lba_min": 0,
        "lba_max": 0,
        "status": {
          "value": 0,
          "string": "Not_testing"
        }
      },
      {
        "lba_min": 0,
        "lba_max": 0,
        "status": {
          "value": 0,
          "string": "Not_testing"
        }
      }
    ],
    "flags": {
      "value": 0,
      "remainder_scan_enabled": false
    },
    "power_up_scan_resume_minutes": 0
  }
}
