{
  "json_format_version": [
    1,
    0
  ],
  "smartctl": {
    "version": [
      7,
      3
    ],
    "svn_revision": "5338",
    "platform_info": "aarch64-linux-6.0.16-2tobetter",
    "build_info": "(local build)",
    "argv": [
      "smartctl",
      "--json",
      "--all",
      "/dev/sdd"
    ],
    "drive_database_version": {
      "string": "7.3/5319"
    },
    "exit_status": 0
  },
  "local_time": {
    "time_t": 1706394898,
    "asctime": "Sat Jan 27 22:34:58 2024 UTC"
  },
  "device": {
    "name": "/dev/sdd",
    "info_name": "/dev/sdd [SAT]",
    "type": "sat",
    "protocol": "ATA"
  },
  "model_name": "ST18000NM000J-2TV103",
  "serial_number": "",
  "wwn": {
    "naa": 5,
    "oui": 3152,
    "id": 0
  },
  "firmware_version": "SN02",
  "user_capacity": {
    "blocks": 35156656128,
    "bytes": 18000207937536
  },
  "logical_block_size": 512,
  "physical_block_size": 4096,
  "rotation_rate": 7200,
  "form_factor": {
    "ata_value": 2,
    "name": "3.5 inches"
  },
  "trim": {
    "supported": false
  },
  "in_smartctl_database": false,
  "ata_version": {
    "string": "ACS-4 (minor revision not indicated)",
    "major_value": 4064,
    "minor_value": 65535
  },
  "sata_version": {
    "string": "SATA 3.3",
    "value": 511
  },
  "interface_speed": {
    "max": {
      "sata_value": 14,
      "string": "6.0 Gb/s",
      "units_per_second": 60,
      "bits_per_unit": 100000000
    },
    "current": {
      "sata_value": 3,
      "string": "6.0 Gb/s",
      "units_per_second": 60,
      "bits_per_unit": 100000000
    }
  },
  "smart_support": {
    "available": true,
    "enabled": true
  },
  "smart_status": {
    "passed": true
  },
  "ata_smart_data": {
    "offline_data_collection": {
      "status": {
        "value": 130,
        "string": "was completed without error",
        "passed": true
      },
      "completion_seconds": 559
    },
    "self_test": {
      "status": {
        "value": 0,
        "string": "completed without error",
        "passed": true
      },
      "polling_minutes": {
        "short": 1,
        "extended": 1561,
        "conveyance": 2
      }
    },
    "capabilities": {
      "values": [
        123,
        3
      ],
      "exec_offline_immediate_supported": true,
      "offline_is_aborted_upon_new_cmd": false,
      "offline_surface_scan_supported": true,
      "self_tests_supported": true,
      "conveyance_self_test_supported": true,
      "selective_self_test_supported": true,
      "attribute_autosave_enabled": true,
      "error_logging_supported": true,
      "gp_logging_supported": true
    }
  },
  "ata_sct_capabilities": {
    "value": 28861,
    "error_recovery_control_supported": true,
    "feature_control_supported": true,
    "data_table_supported": true
  },
  "ata_smart_attributes": {
    "revision": 10,
    "table": [
      {
        "id": 1,
        "name": "Raw_Read_Error_Rate",
        "value": 80,
        "worst": 64,
        "thresh": 44,
        "when_failed": "",
        "flags": {
          "value": 15,
          "string": "POSR-- ",
          "prefailure": true,
          "updated_online": true,
          "performance": true,
          "error_rate": true,
          "event_count": false,
          "auto_keep": false
        },
        "raw": {
          "value": 102075848,
          "string": "102075848"
        }
      },
      {
        "id": 3,
        "name": "Spin_Up_Time",
        "value": 92,
        "worst": 92,
        "thresh": 0,
        "when_failed": "",
        "flags": {
          "value": 3,
          "string": "PO---- ",
          "prefailure": true,
          "updated_online": true,
          "performance": false,
          "error_rate": false,
          "event_count": false,
          "auto_keep": false
        },
        "raw": {
          "value": 0,
          "string": "0"
        }
      },
      {
        "id": 4,
        "name": "Start_Stop_Count",
        "value": 100,
        "worst": 100,
        "thresh": 20,
        "when_failed": "",
        "flags": {
          "value": 50,
          "string": "-O--CK ",
          "prefailure": false,
          "updated_online": true,
          "performance": false,
          "error_rate": false,
          "event_count": true,
          "auto_keep": true
        },
        "raw": {
          "value": 12,
          "string": "12"
        }
      },
      {
        "id": 5,
        "name": "Reallocated_Sector_Ct",
        "value": 100,
        "worst": 100,
        "thresh": 10,
        "when_failed": "",
        "flags": {
          "value": 51,
          "string": "PO--CK ",
          "prefailure": true,
          "updated_online": true,
          "performance": false,
          "error_rate": false,
          "event_count": true,
          "auto_keep": true
        },
        "raw": {
          "value": 0,
          "string": "0"
        }
      },
      {
        "id": 7,
        "name": "Seek_Error_Rate",
        "value": 79,
        "worst": 60,
        "thresh": 45,
        "when_failed": "",
        "flags": {
          "value": 15,
          "string": "POSR-- ",
          "prefailure": true,
          "updated_online": true,
          "performance": true,
          "error_rate": true,
          "event_count": false,
          "auto_keep": false
        },
        "raw": {
          "value": 88137363,
          "string": "88137363"
        }
      },
      {
        "id": 9,
        "name": "Power_On_Hours",
        "value": 95,
        "worst": 95,
        "thresh": 0,
        "when_failed": "",
        "flags": {
          "value": 50,
          "string": "-O--CK ",
          "prefailure": false,
          "updated_online": true,
          "performance": false,
          "error_rate": false,
          "event_count": true,
          "auto_keep": true
        },
        "raw": {
          "value": 5032,
          "string": "5032"
        }
      },
      {
        "id": 10,
        "name": "Spin_Retry_Count",
        "value": 100,
        "worst": 100,
        "thresh": 97,
        "when_failed": "",
        "flags": {
          "value": 19,
          "string": "PO--C- ",
          "prefailure": true,
          "updated_online": true,
          "performance": false,
          "error_rate": false,
          "event_count": true,
          "auto_keep": false
        },
        "raw": {
          "value": 0,
          "string": "0"
        }
      },
      {
        "id": 12,
        "name": "Power_Cycle_Count",
        "value": 100,
        "worst": 100,
        "thresh": 20,
        "when_failed": "",
        "flags": {
          "value": 50,
          "string": "-O--CK ",
          "prefailure": false,
          "updated_online": true,
          "performance": false,
          "error_rate": false,
          "event_count": true,
          "auto_keep": true
        },
        "raw": {
          "value": 13,
          "string": "13"
        }
      },
      {
        "id": 18,
        "name": "Unknown_Attribute",
        "value": 100,
        "worst": 100,
        "thresh": 50,
        "when_failed": "",
        "flags": {
          "value": 11,
          "string": "PO-R-- ",
          "prefailure": true,
          "updated_online": true,
          "performance": false,
          "error_rate": true,
          "event_count": false,
          "auto_keep": false
        },
        "raw": {
          "value": 0,
          "string": "0"
        }
      },
      {
        "id": 187,
        "name": "Reported_Uncorrect",
        "value": 100,
        "worst": 100,
        "thresh": 0,
        "when_failed": "",
        "flags": {
          "value": 50,
          "string": "-O--CK ",
          "prefailure": false,
          "updated_online": true,
          "performance": false,
          "error_rate": false,
          "event_count": true,
          "auto_keep": true
        },
        "raw": {
          "value": 0,
          "string": "0"
        }
      },
      {
        "id": 188,
        "name": "Command_Timeout",
        "value": 100,
        "worst": 100,
        "thresh": 0,
        "when_failed": "",
        "flags": {
          "value": 50,
          "string": "-O--CK ",
          "prefailure": false,
          "updated_online": true,
          "performance": false,
          "error_rate": false,
          "event_count": true,
          "auto_keep": true
        },
        "raw": {
          "value": 0,
          "string": "0"
        }
      },
      {
        "id": 190,
        "name": "Airflow_Temperature_Cel",
        "value": 61,
        "worst": 55,
        "thresh": 0,
        "when_failed": "",
        "flags": {
          "value": 34,
          "string": "-O---K ",
          "prefailure": false,
          "updated_online": true,
          "performance": false,
          "error_rate": false,
          "event_count": false,
          "auto_keep": true
        },
        "raw": {
          "value": 757137447,
          "string": "39 (Min/Max 33/45)"
        }
      },
      {
        "id": 192,
        "name": "Power-Off_Retract_Count",
        "value": 100,
        "worst": 100,
        "thresh": 0,
        "when_failed": "",
        "flags": {
          "value": 50,
          "string": "-O--CK ",
          "prefailure": false,
          "updated_online": true,
          "performance": false,
          "error_rate": false,
          "event_count": true,
          "auto_keep": true
        },
        "raw": {
          "value": 11,
          "string": "11"
        }
      },
      {
        "id": 193,
        "name": "Load_Cycle_Count",
        "value": 100,
        "worst": 100,
        "thresh": 0,
        "when_failed": "",
        "flags": {
          "value": 50,
          "string": "-O--CK ",
          "prefailure": false,
          "updated_online": true,
          "performance": false,
          "error_rate": false,
          "event_count": true,
          "auto_keep": true
        },
        "raw": {
          "value": 225,
          "string": "225"
        }
      },
      {
        "id": 194,
        "name": "Temperature_Celsius",
        "value": 39,
        "worst": 45,
        "thresh": 0,
        "when_failed": "",
        "flags": {
          "value": 34,
          "string": "-O---K ",
          "prefailure": false,
          "updated_online": true,
          "performance": false,
          "error_rate": false,
          "event_count": false,
          "auto_keep": true
        },
        "raw": {
          "value": 103079215143,
          "string": "39 (0 24 0 0 0)"
        }
      },
      {
        "id": 197,
        "name": "Current_Pending_Sector",
        "value": 100,
        "worst": 100,
        "thresh": 0,
        "when_failed": "",
        "flags": {
          "value": 18,
          "string": "-O--C- ",
          "prefailure": false,
          "updated_online": true,
          "performance": false,
          "error_rate": false,
          "event_count": true,
          "auto_keep": false
        },
        "raw": {
          "value": 0,
          "string": "0"
        }
      },
      {
        "id": 198,
        "name": "Offline_Uncorrectable",
        "value": 100,
        "worst": 100,
        "thresh": 0,
        "when_failed": "",
        "flags": {
          "value": 16,
          "string": "----C- ",
          "prefailure": false,
          "updated_online": false,
          "performance": false,
          "error_rate": false,
          "event_count": true,
          "auto_keep": false
        },
        "raw": {
          "value": 0,
          "string": "0"
        }
      },
      {
        "id": 199,
        "name": "UDMA_CRC_Error_Count",
        "value": 200,
        "worst": 200,
        "thresh": 0,
        "when_failed": "",
        "flags": {
          "value": 62,
          "string": "-OSRCK ",
          "prefailure": false,
          "updated_online": true,
          "performance": true,
          "error_rate": true,
          "event_count": true,
          "auto_keep": true
        },
        "raw": {
          "value": 0,
          "string": "0"
        }
      },
      {
        "id": 200,
        "name": "Multi_Zone_Error_Rate",
        "value": 100,
        "worst": 100,
        "thresh": 1,
        "when_failed": "",
        "flags": {
          "value": 35,
          "string": "PO---K ",
          "prefailure": true,
          "updated_online": true,
          "performance": false,
          "error_rate": false,
          "event_count": false,
          "auto_keep": true
        },
        "raw": {
          "value": 0,
          "string": "0"
        }
      },
      {
        "id": 240,
        "name": "Head_Flying_Hours",
        "value": 100,
        "worst": 253,
        "thresh": 0,
        "when_failed": "",
        "flags": {
          "value": 0,
          "string": "------ ",
          "prefailure": false,
          "updated_online": false,
          "performance": false,
          "error_rate": false,
          "event_count": false,
          "auto_keep": false
        },
        "raw": {
          "value": 267941534765964,
          "string": "5004 (243 177 0)"
        }
      },
      {
        "id": 241,
        "name": "Total_LBAs_Written",
        "value": 100,
        "worst": 253,
        "thresh": 0,
        "when_failed": "",
        "flags": {
          "value": 0,
          "string": "------ ",
          "prefailure": false,
          "updated_online": false,
          "performance": false,
          "error_rate": false,
          "event_count": false,
          "auto_keep": false
        },
        "raw": {
          "value": 10505849552,
          "string": "10505849552"
        }
      },
      {
        "id": 242,
        "name": "Total_LBAs_Read",
        "value": 100,
        "worst": 253,
        "thresh": 0,
        "when_failed": "",
        "flags": {
          "value": 0,
          "string": "------ ",
          "prefailure": false,
          "updated_online": false,
          "performance": false,
          "error_rate": false,
          "event_count": false,
          "auto_keep": false
        },
        "raw": {
          "value": 1900448830750,
          "string": "1900448830750"
        }
      }
    ]
  },
  "power_on_time": {
    "hours": 5032
  },
  "power_cycle_count": 13,
  "temperature": {
    "current": 39
  },
  "ata_smart_error_log": {
    "summary": {
      "revision": 1,
      "count": 0
    }
  },
  "ata_smart_self_test_log": {
    "standard": {
      "revision": 1,
      "count": 0
    }
  },
  "ata_smart_selective_self_test_log": {
    "revision": 1,
    "table": [
      {
        "lba_min": 0,
        "lba_max": 0,
        "status": {
          "value": 0,
          "string": "Not_testing"
        }
      },
      {
        "lba_min": 0,
        "lba_max": 0,
        "status": {
          "value": 0,
          "string": "Not_testing"
        }
      },
      {
        "lba_min": 0,
        "lba_max": 0,
        "status": {
          "value": 0,
          "string": "Not_testing"
        }
      },
      {
        "lba_min": 0,
        "lba_max": 0,
        "status": {
          "value": 0,
          "string": "Not_testing"
        }
      },
      {
        "lba_min": 0,
        "lba_max": 0,
        "status": {
          "value": 0,
          "string": "Not_testing"
        }
      }
    ],
    "flags": {
      "value": 0,
      "remainder_scan_enabled": false
    },
    "power_up_scan_resume_minutes": 0
  }
}
