{
  "json_format_version": [
    1,
    0
  ],
  "smartctl": {
    "version": [
      7,
      4
    ],
    "pre_release": false,
    "svn_revision": "5530",
    "platform_info": "x86_64-linux-6.5.8-arch1-1",
    "build_info": "(local build)",
    "argv": [
      "smartctl",
      "--json",
      "--scan-open"
    ],
    "exit_status": 0
  },
  "devices": [
    {
      "name": "/dev/sda",
      "info_name": "/dev/sda [SAT]",
      "type": "sat",
      "protocol": "ATA"
    },
    {
      "name": "/dev/sdb",
      "info_name": "/dev/sdb [SAT]",
      "type": "sat",
      "protocol": "ATA"
    },
    {
      "name": "/dev/sdc",
      "info_name": "/dev/sdc [SAT]",
      "type": "sat",
      "protocol": "ATA"
    },
    {
      "name": "/dev/sdd",
      "info_name": "/dev/sdd [SAT]",
      "type": "sat",
      "protocol": "ATA"
    },
    {
      "name": "/dev/sde",
      "info_name": "/dev/sde [SAT]",
      "type": "sat",
      "protocol": "ATA"
    }
  ]
}
